{
    "code": 400,
    "message": "Validation Failed",
    "errors": {
        "children": {
            "usageLimit": {},
            "expiresAt": {},
            "perCustomerUsageLimit": {},
            "code": {
                "errors": [
                    "Please enter coupon code."
                ]
            }
        }
    }
}
